// Jest Snapshot v1, https://goo.gl/fbAQLP

exports[`<CardHeader/> Snapshot for default Row component 1`] = `
<div
  className="card-header text-primary bg-white fw-bold"
/>
`;
