// Jest Snapshot v1, https://goo.gl/fbAQLP

exports[`<CardBody/> Snapshot for default Row component 1`] = `
<div
  className="card-body"
/>
`;
