// Jest Snapshot v1, https://goo.gl/fbAQLP

exports[`<Row/> Snapshot for default Row component 1`] = `
<div
  className="row"
/>
`;
